******************************************************************************
             TMS320C2000 Linker PC v16.9.6                     
******************************************************************************
>> Linked Mon Jul 30 08:42:49 2018

OUTPUT FILE NAME:   <MiniUPS.out>
ENTRY POINT SYMBOL: "code_start"  address: 003f7ff6


MEMORY CONFIGURATION

         name            origin    length      used     unused   attr    fill
----------------------  --------  ---------  --------  --------  ----  --------
PAGE 0:
  RAMM0                 00000050   000003b0  0000001f  00000391  RWIX
  OTP                   003d7800   00000400  00000000  00000400  RWIX
  FLASHB                003f6000   00001000  000008ac  00000754  RWIX
  FLASHA                003f7000   00000f80  00000f7d  00000003  RWIX
  CSM_RSVD              003f7f80   00000076  00000000  00000076  RWIX
  BEGIN                 003f7ff6   00000002  00000002  00000000  RWIX
  CSM_PWL_P0            003f7ff8   00000008  00000000  00000008  RWIX
  IQTABLES              003fe000   00000b50  00000b50  00000000  RWIX
  IQTABLES2             003feb50   0000008c  00000000  0000008c  RWIX
  IQTABLES3             003febdc   000000aa  00000000  000000aa  RWIX
  ROM                   003ff27c   00000d44  00000000  00000d44  RWIX
  RESET                 003fffc0   00000002  00000000  00000002  RWIX
  VECTORS               003fffc2   0000003e  00000000  0000003e  RWIX

PAGE 1:
  BOOT_RSVD             00000000   00000050  00000000  00000050  RWIX
  RAMM1                 00000400   00000400  000003fc  00000004  RWIX
  DEV_EMU               00000880   00000105  00000004  00000101  RWIX
  SYS_PWR_CTL           00000985   00000003  00000003  00000000  RWIX
  FLASH_REGS            00000a80   00000060  00000008  00000058  RWIX
  CSM                   00000ae0   00000010  00000010  00000000  RWIX
  ADC_RESULT            00000b00   00000020  00000020  00000000  RWIX
  CPU_TIMER0            00000c00   00000008  00000008  00000000  RWIX
  CPU_TIMER1            00000c08   00000008  00000008  00000000  RWIX
  CPU_TIMER2            00000c10   00000008  00000008  00000000  RWIX
  PIE_CTRL              00000ce0   00000020  0000001a  00000006  RWIX
  PIE_VECT              00000d00   00000100  00000100  00000000  RWIX
  COMP1                 00006400   00000020  00000020  00000000  RWIX
  COMP2                 00006420   00000020  00000020  00000000  RWIX
  EPWM1                 00006800   00000040  00000040  00000000  RWIX
  EPWM2                 00006840   00000040  00000040  00000000  RWIX
  EPWM3                 00006880   00000040  00000040  00000000  RWIX
  EPWM4                 000068c0   00000040  00000040  00000000  RWIX
  ECAP1                 00006a00   00000020  00000020  00000000  RWIX
  GPIOCTRL              00006f80   00000040  00000040  00000000  RWIX
  GPIODAT               00006fc0   00000020  00000020  00000000  RWIX
  GPIOINT               00006fe0   00000020  0000000a  00000016  RWIX
  SYSTEM                00007010   00000020  0000001f  00000001  RWIX
  SPIA                  00007040   00000010  00000010  00000000  RWIX
  SCIA                  00007050   00000010  00000010  00000000  RWIX
  NMIINTRUPT            00007060   00000010  00000010  00000000  RWIX
  XINTRUPT              00007070   00000010  00000010  00000000  RWIX
  ADC                   00007100   00000080  00000051  0000002f  RWIX
  I2CA                  00007900   00000040  00000022  0000001e  RWIX
  RAML0                 00008000   00000400  00000000  00000400  RWIX
  PARTID                003d7fff   00000001  00000001  00000000  RWIX
  CSM_PWL               003f7ff8   00000008  00000008  00000000  RWIX


SECTION ALLOCATION MAP

 output                                  attributes/
section   page    origin      length       input sections
--------  ----  ----------  ----------   ----------------
.text.1    0    003f6000    000006ac     
                  003f6000    0000010b     booster.obj (.text)
                  003f610b    000000ff     f2802x_defaultisr.obj (.text:retain)
                  003f620a    000000d8     Timer.obj (.text)
                  003f62e2    00000078     rts2800_ml.lib : fs_add28.obj (.text)
                  003f635a    00000073     f2802x_cputimers.obj (.text)
                  003f63cd    0000005a     rts2800_ml.lib : fs_mpy28.obj (.text)
                  003f6427    00000054                    : boot28.obj (.text)
                  003f647b    00000046     SineGen.obj (.text)
                  003f64c1    00000029     rts2800_ml.lib : exit.obj (.text)
                  003f64ea    00000029                    : fs_tol28.obj (.text)
                  003f6513    00000028     f2802x_piectrl.obj (.text)
                  003f653b    00000028     main.obj (.text)
                  003f6563    00000026     f2802x_pievect.obj (.text)
                  003f6589    00000024     rts2800_ml.lib : cpy_tbl.obj (.text)
                  003f65ad    00000021                    : fs_toul28.obj (.text)
                  003f65ce    0000001f                    : fd_tol28.obj (.text)
                  003f65ed    0000001d                    : fs_tou28.obj (.text)
                  003f660a    0000001d                    : memcpy.obj (.text)
                  003f6627    00000019                    : args_main.obj (.text)
                  003f6640    00000017                    : fs_cmp28.obj (.text)
                  003f6657    00000017                    : u_tofd28.obj (.text)
                  003f666e    00000013                    : ul_tofs28.obj (.text)
                  003f6681    00000010                    : u_tofs28.obj (.text)
                  003f6691    0000000a     f2802x_asmfuncs.obj (.text)
                  003f669b    00000009     rts2800_ml.lib : _lock.obj (.text)
                  003f66a4    00000008     f2802x_codestartbranch.obj (.text)

.econst    0    003f66ac    00000114     
                  003f66ac    00000100     f2802x_pievect.obj (.econst:_PieVectTableInit)
                  003f67ac    00000007     printf.obj (.econst:.string)
                  003f67b3    00000001     --HOLE-- [fill = 0]
                  003f67b4    00000004     booster.obj (.econst)
                  003f67b8    00000004     inverter.obj (.econst)
                  003f67bc    00000004     isr.obj (.econst)

IQmath     0    003f67c0    00000081     
                  003f67c0    00000047     IQmath.lib : IQ20div.obj (IQmath)
                  003f6807    00000031                : IQ20sin.obj (IQmath)
                  003f6838    00000009                : IQ20int.obj (IQmath)

.cinit     0    003f6841    0000006b     
                  003f6841    00000039     app.obj (.cinit)
                  003f687a    0000000e     rts2800_ml.lib : exit.obj (.cinit)
                  003f6888    0000000a     isr.obj (.cinit)
                  003f6892    00000005     rts2800_ml.lib : _lock.obj (.cinit:__lock)
                  003f6897    00000005                    : _lock.obj (.cinit:__unlock)
                  003f689c    00000005     console.obj (.cinit)
                  003f68a1    00000005     main.obj (.cinit)
                  003f68a6    00000004     rts2800_ml.lib : memory.obj (.cinit)
                  003f68aa    00000002     --HOLE-- [fill = 0]

ramfuncs   0    003f7000    0000001f     RUN ADDR = 00000050
                  003f7000    0000001b     f2802x_sysctrl.obj (ramfuncs)
                  003f701b    00000004     f2802x_asmfuncs.obj (ramfuncs)

.text.2    0    003f701f    00000f5e     
                  003f701f    00000573     BSP.obj (.text)
                  003f7592    0000022e     f2802x_adc.obj (.text)
                  003f77c0    000001cd     rts2800_ml.lib : memory.obj (.text)
                  003f798d    000001b8     app.obj (.text)
                  003f7b45    00000151     isr.obj (.text:retain)
                  003f7c96    0000013a     f2802x_sysctrl.obj (.text)
                  003f7dd0    00000127     inverter.obj (.text)
                  003f7ef7    00000083     rts2800_ml.lib : fd_mpy28.obj (.text)
                  003f7f7a    00000002                    : pre_init.obj (.text)
                  003f7f7c    00000001                    : startup.obj (.text)

codestart 
*          0    003f7ff6    00000002     
                  003f7ff6    00000002     f2802x_codestartbranch.obj (codestart)

IQmathTables 
*          0    003fe000    00000b50     NOLOAD SECTION
                  003fe000    00000b50     IQmath.lib : IQmathTables.obj (IQmathTables)

.stack     1    00000400    00000200     UNINITIALIZED
                  00000400    00000200     --HOLE--

.ebss      1    00000600    000000fc     UNINITIALIZED
                  00000600    000000aa     app.obj (.ebss)
                  000006aa    00000010     SineGen.obj (.ebss)
                  000006ba    00000006     isr.obj (.ebss)
                  000006c0    00000018     f2802x_cputimers.obj (.ebss)
                  000006d8    0000000a     Timer.obj (.ebss)
                  000006e2    00000008     rts2800_ml.lib : memory.obj (.ebss)
                  000006ea    00000006                    : exit.obj (.ebss)
                  000006f0    00000004     dispatcher.obj (.ebss)
                  000006f4    00000002     rts2800_ml.lib : _lock.obj (.ebss:__lock)
                  000006f6    00000002                    : _lock.obj (.ebss:__unlock)
                  000006f8    00000002     console.obj (.ebss)
                  000006fa    00000002     main.obj (.ebss)

.esysmem   1    000006fc    00000100     UNINITIALIZED
                  000006fc    00000001     rts2800_ml.lib : memory.obj (.esysmem)
                  000006fd    000000ff     --HOLE--

DevEmuRegsFile 
*          1    00000880    00000004     UNINITIALIZED
                  00000880    00000004     F2802x_GlobalVariableDefs.obj (DevEmuRegsFile)

SysPwrCtrlRegsFile 
*          1    00000985    00000003     UNINITIALIZED
                  00000985    00000003     F2802x_GlobalVariableDefs.obj (SysPwrCtrlRegsFile)

FlashRegsFile 
*          1    00000a80    00000008     UNINITIALIZED
                  00000a80    00000008     F2802x_GlobalVariableDefs.obj (FlashRegsFile)

CsmRegsFile 
*          1    00000ae0    00000010     UNINITIALIZED
                  00000ae0    00000010     F2802x_GlobalVariableDefs.obj (CsmRegsFile)

AdcResultFile 
*          1    00000b00    00000020     UNINITIALIZED
                  00000b00    00000020     F2802x_GlobalVariableDefs.obj (AdcResultFile)

CpuTimer0RegsFile 
*          1    00000c00    00000008     UNINITIALIZED
                  00000c00    00000008     F2802x_GlobalVariableDefs.obj (CpuTimer0RegsFile)

CpuTimer1RegsFile 
*          1    00000c08    00000008     UNINITIALIZED
                  00000c08    00000008     F2802x_GlobalVariableDefs.obj (CpuTimer1RegsFile)

CpuTimer2RegsFile 
*          1    00000c10    00000008     UNINITIALIZED
                  00000c10    00000008     F2802x_GlobalVariableDefs.obj (CpuTimer2RegsFile)

PieCtrlRegsFile 
*          1    00000ce0    0000001a     UNINITIALIZED
                  00000ce0    0000001a     F2802x_GlobalVariableDefs.obj (PieCtrlRegsFile)

PieVectTableFile 
*          1    00000d00    00000100     UNINITIALIZED
                  00000d00    00000100     F2802x_GlobalVariableDefs.obj (PieVectTableFile)

EmuKeyVar 
*          1    00000d00    00000001     UNINITIALIZED
                  00000d00    00000001     F2802x_GlobalVariableDefs.obj (EmuKeyVar)

EmuBModeVar 
*          1    00000d01    00000001     UNINITIALIZED
                  00000d01    00000001     F2802x_GlobalVariableDefs.obj (EmuBModeVar)

FlashCallbackVar 
*          1    00000d02    00000002     UNINITIALIZED
                  00000d02    00000002     F2802x_GlobalVariableDefs.obj (FlashCallbackVar)

FlashScalingVar 
*          1    00000d04    00000002     UNINITIALIZED
                  00000d04    00000002     F2802x_GlobalVariableDefs.obj (FlashScalingVar)

Comp1RegsFile 
*          1    00006400    00000020     UNINITIALIZED
                  00006400    00000020     F2802x_GlobalVariableDefs.obj (Comp1RegsFile)

Comp2RegsFile 
*          1    00006420    00000020     UNINITIALIZED
                  00006420    00000020     F2802x_GlobalVariableDefs.obj (Comp2RegsFile)

EPwm1RegsFile 
*          1    00006800    00000040     UNINITIALIZED
                  00006800    00000040     F2802x_GlobalVariableDefs.obj (EPwm1RegsFile)

EPwm2RegsFile 
*          1    00006840    00000040     UNINITIALIZED
                  00006840    00000040     F2802x_GlobalVariableDefs.obj (EPwm2RegsFile)

EPwm3RegsFile 
*          1    00006880    00000040     UNINITIALIZED
                  00006880    00000040     F2802x_GlobalVariableDefs.obj (EPwm3RegsFile)

EPwm4RegsFile 
*          1    000068c0    00000040     UNINITIALIZED
                  000068c0    00000040     F2802x_GlobalVariableDefs.obj (EPwm4RegsFile)

ECap1RegsFile 
*          1    00006a00    00000020     UNINITIALIZED
                  00006a00    00000020     F2802x_GlobalVariableDefs.obj (ECap1RegsFile)

GpioCtrlRegsFile 
*          1    00006f80    00000040     UNINITIALIZED
                  00006f80    00000040     F2802x_GlobalVariableDefs.obj (GpioCtrlRegsFile)

GpioDataRegsFile 
*          1    00006fc0    00000020     UNINITIALIZED
                  00006fc0    00000020     F2802x_GlobalVariableDefs.obj (GpioDataRegsFile)

GpioIntRegsFile 
*          1    00006fe0    0000000a     UNINITIALIZED
                  00006fe0    0000000a     F2802x_GlobalVariableDefs.obj (GpioIntRegsFile)

SysCtrlRegsFile 
*          1    00007010    0000001f     UNINITIALIZED
                  00007010    0000001f     F2802x_GlobalVariableDefs.obj (SysCtrlRegsFile)

SpiaRegsFile 
*          1    00007040    00000010     UNINITIALIZED
                  00007040    00000010     F2802x_GlobalVariableDefs.obj (SpiaRegsFile)

SciaRegsFile 
*          1    00007050    00000010     UNINITIALIZED
                  00007050    00000010     F2802x_GlobalVariableDefs.obj (SciaRegsFile)

NmiIntruptRegsFile 
*          1    00007060    00000010     UNINITIALIZED
                  00007060    00000010     F2802x_GlobalVariableDefs.obj (NmiIntruptRegsFile)

XIntruptRegsFile 
*          1    00007070    00000010     UNINITIALIZED
                  00007070    00000010     F2802x_GlobalVariableDefs.obj (XIntruptRegsFile)

AdcRegsFile 
*          1    00007100    00000051     UNINITIALIZED
                  00007100    00000051     F2802x_GlobalVariableDefs.obj (AdcRegsFile)

I2caRegsFile 
*          1    00007900    00000022     UNINITIALIZED
                  00007900    00000022     F2802x_GlobalVariableDefs.obj (I2caRegsFile)

PartIdRegsFile 
*          1    003d7fff    00000001     UNINITIALIZED
                  003d7fff    00000001     F2802x_GlobalVariableDefs.obj (PartIdRegsFile)

CsmPwlFile 
*          1    003f7ff8    00000008     UNINITIALIZED
                  003f7ff8    00000008     F2802x_GlobalVariableDefs.obj (CsmPwlFile)

.pinit     0    003f7000    00000000     UNINITIALIZED

.reset     0    003fffc0    00000002     DSECT
                  003fffc0    00000002     rts2800_ml.lib : boot28.obj (.reset)

vectors    0    003fffc2    00000000     DSECT

MODULE SUMMARY

       Module                          code   initialized data   uninitialized data
       ------                          ----   ----------------   ------------------
    .\Application\
       app.obj                         440    57                 170               
       isr.obj                         337    14                 6                 
       SineGen.obj                     70     0                  16                
       main.obj                        40     5                  2                 
    +--+-------------------------------+------+------------------+--------------------+
       Total:                          887    76                 194               
                                                                                   
    .\Application\Booster\
       booster.obj                     267    4                  0                 
    +--+-------------------------------+------+------------------+--------------------+
       Total:                          267    4                  0                 
                                                                                   
    .\Application\Inverter\
       inverter.obj                    295    4                  0                 
    +--+-------------------------------+------+------------------+--------------------+
       Total:                          295    4                  0                 
                                                                                   
    .\Bsp\
       BSP.obj                         1395   0                  0                 
    +--+-------------------------------+------+------------------+--------------------+
       Total:                          1395   0                  0                 
                                                                                   
    .\Console\
       console.obj                     0      5                  2                 
       printf.obj                      0      7                  0                 
    +--+-------------------------------+------+------------------+--------------------+
       Total:                          0      12                 2                 
                                                                                   
    .\Hardware\common\source\
       f2802x_adc.obj                  558    0                  0                 
       f2802x_sysctrl.obj              368    0                  0                 
       f2802x_pievect.obj              38     256                0                 
       f2802x_defaultisr.obj           255    0                  0                 
       f2802x_cputimers.obj            115    0                  24                
       f2802x_piectrl.obj              40     0                  0                 
       f2802x_asmfuncs.obj             18     0                  0                 
       f2802x_codestartbranch.obj      10     0                  0                 
    +--+-------------------------------+------+------------------+--------------------+
       Total:                          1402   256                24                
                                                                                   
    .\Hardware\headers\source\
       F2802x_GlobalVariableDefs.obj   0      0                  1052              
    +--+-------------------------------+------+------------------+--------------------+
       Total:                          0      0                  1052              
                                                                                   
    .\Lib\
       Timer.obj                       216    0                  10                
       dispatcher.obj                  0      0                  4                 
    +--+-------------------------------+------+------------------+--------------------+
       Total:                          216    0                  14                
                                                                                   
    ../Hardware/libraries/math/IQmath/c28/lib/IQmath.lib
       IQmathTables.obj                0      2896               0                 
       IQ20div.obj                     0      71                 0                 
       IQ20sin.obj                     0      49                 0                 
       IQ20int.obj                     0      9                  0                 
    +--+-------------------------------+------+------------------+--------------------+
       Total:                          0      3025               0                 
                                                                                   
    C:/ti/ccsv7/tools/compiler/ti-cgt-c2000_16.9.6.LTS/lib/rts2800_ml.lib
       memory.obj                      461    4                  8                 
       fd_mpy28.obj                    131    0                  0                 
       fs_add28.obj                    120    0                  0                 
       fs_mpy28.obj                    90     0                  0                 
       boot28.obj                      84     0                  0                 
       exit.obj                        41     14                 6                 
       fs_tol28.obj                    41     0                  0                 
       cpy_tbl.obj                     36     0                  0                 
       fs_toul28.obj                   33     0                  0                 
       fd_tol28.obj                    31     0                  0                 
       fs_tou28.obj                    29     0                  0                 
       memcpy.obj                      29     0                  0                 
       args_main.obj                   25     0                  0                 
       _lock.obj                       9      10                 4                 
       fs_cmp28.obj                    23     0                  0                 
       u_tofd28.obj                    23     0                  0                 
       ul_tofs28.obj                   19     0                  0                 
       u_tofs28.obj                    16     0                  0                 
       pre_init.obj                    2      0                  0                 
       startup.obj                     1      0                  0                 
    +--+-------------------------------+------+------------------+--------------------+
       Total:                          1244   28                 18                
                                                                                   
       Heap:                           0      0                  256               
       Stack:                          0      0                  512               
    +--+-------------------------------+------+------------------+--------------------+
       Grand Total:                    5706   3405               2072              


GLOBAL DATA SYMBOLS: SORTED BY DATA PAGE

address     data page           name
--------    ----------------    ----
00000400      10 (00000400)     __stack

00000600      18 (00000600)     _Result
00000606      18 (00000600)     _TrigSel
00000616      18 (00000600)     _ACQPS
00000626      18 (00000600)     _ChSel

00000640      19 (00000640)     _sApp

000006aa      1a (00000680)     _sSine1Phase
000006ba      1a (00000680)     _duty
000006bc      1a (00000680)     _lastSinValue
000006be      1a (00000680)     _sinValue

000006c0      1b (000006c0)     _CpuTimer1
000006c8      1b (000006c0)     _CpuTimer2
000006d0      1b (000006c0)     _CpuTimer0
000006d8      1b (000006c0)     _sTimerList
000006dc      1b (000006c0)     _sSysTick
000006ea      1b (000006c0)     ___TI_enable_exit_profile_output
000006ec      1b (000006c0)     ___TI_cleanup_ptr
000006ee      1b (000006c0)     ___TI_dtors_ptr
000006f0      1b (000006c0)     _task_list
000006f4      1b (000006c0)     __lock
000006f6      1b (000006c0)     __unlock
000006f8      1b (000006c0)     _debug_port
000006fa      1b (000006c0)     _testTimer
000006fc      1b (000006c0)     __sys_memory

00000880      22 (00000880)     _DevEmuRegs

00000985      26 (00000980)     _SysPwrCtrlRegs

00000a80      2a (00000a80)     _FlashRegs

00000ae0      2b (00000ac0)     _CsmRegs

00000b00      2c (00000b00)     _AdcResult

00000c00      30 (00000c00)     _CpuTimer0Regs
00000c08      30 (00000c00)     _CpuTimer1Regs
00000c10      30 (00000c00)     _CpuTimer2Regs

00000ce0      33 (00000cc0)     _PieCtrlRegs

00000d00      34 (00000d00)     _EmuKey
00000d00      34 (00000d00)     _PieVectTable
00000d01      34 (00000d00)     _EmuBMode
00000d02      34 (00000d00)     _Flash_CallbackPtr
00000d04      34 (00000d00)     _Flash_CPUScaleFactor

00006400     190 (00006400)     _Comp1Regs
00006420     190 (00006400)     _Comp2Regs

00006800     1a0 (00006800)     _EPwm1Regs

00006840     1a1 (00006840)     _EPwm2Regs

00006880     1a2 (00006880)     _EPwm3Regs

000068c0     1a3 (000068c0)     _EPwm4Regs

00006a00     1a8 (00006a00)     _ECap1Regs

00006f80     1be (00006f80)     _GpioCtrlRegs

00006fc0     1bf (00006fc0)     _GpioDataRegs
00006fe0     1bf (00006fc0)     _GpioIntRegs

00007010     1c0 (00007000)     _SysCtrlRegs

00007040     1c1 (00007040)     _SpiaRegs
00007050     1c1 (00007040)     _SciaRegs
00007060     1c1 (00007040)     _NmiIntruptRegs
00007070     1c1 (00007040)     _XIntruptRegs

00007100     1c4 (00007100)     _AdcRegs

00007900     1e4 (00007900)     _I2caRegs

003d7fff    f5ff (003d7fc0)     _PartIdRegs

003f66ac    fd9a (003f6680)     _PieVectTableInit

003f67c0    fd9f (003f67c0)     __IQ20div

003f6807    fda0 (003f6800)     __IQ20sin
003f6838    fda0 (003f6800)     __IQ20int

003f7ff8    fdff (003f7fc0)     _CsmPwl

003fe000    ff80 (003fe000)     _IQsinTable

003fe100    ff84 (003fe100)     _IQcosTable

003fe400    ff90 (003fe400)     _IQsinTableEnd

003fe502    ff94 (003fe500)     _IQcosTableEnd
003fe502    ff94 (003fe500)     _IQdivRoundSatTable
003fe510    ff94 (003fe500)     _IQdivTable

003fe712    ff9c (003fe700)     _IQdivTableEnd
003fe712    ff9c (003fe700)     _IQisqrtRoundSatTable
003fe712    ff9c (003fe700)     _IQsqrtRoundSatTable
003fe722    ff9c (003fe700)     _IQisqrtTable
003fe722    ff9c (003fe700)     _IQsqrtTable

003fe824    ffa0 (003fe800)     _IQatan2HalfPITable
003fe824    ffa0 (003fe800)     _IQisqrtTableEnd
003fe824    ffa0 (003fe800)     _IQsqrtTableEnd

003fe862    ffa1 (003fe840)     _IQatan2Table

003fe9e8    ffa7 (003fe9c0)     _IQ30mpyRndSatTable
003fe9e8    ffa7 (003fe9c0)     _IQatan2TableEnd
003fe9e8    ffa7 (003fe9c0)     _IQmpyRndSatTable
003fe9f4    ffa7 (003fe9c0)     _IQ29mpyRndSatTable

003fea00    ffa8 (003fea00)     _IQ28mpyRndSatTable
003fea0c    ffa8 (003fea00)     _IQ27mpyRndSatTable
003fea18    ffa8 (003fea00)     _IQ26mpyRndSatTable
003fea24    ffa8 (003fea00)     _IQ25mpyRndSatTable
003fea30    ffa8 (003fea00)     _IQ24mpyRndSatTable
003fea3c    ffa8 (003fea00)     _IQ23mpyRndSatTable

003fea48    ffa9 (003fea40)     _IQ22mpyRndSatTable
003fea54    ffa9 (003fea40)     _IQ21mpyRndSatTable
003fea60    ffa9 (003fea40)     _IQ20mpyRndSatTable
003fea6c    ffa9 (003fea40)     _IQ19mpyRndSatTable
003fea78    ffa9 (003fea40)     _IQ18mpyRndSatTable

003fea84    ffaa (003fea80)     _IQ17mpyRndSatTable
003fea90    ffaa (003fea80)     _IQ16mpyRndSatTable
003fea9c    ffaa (003fea80)     _IQ15mpyRndSatTable
003feaa8    ffaa (003fea80)     _IQ14mpyRndSatTable
003feab4    ffaa (003fea80)     _IQ13mpyRndSatTable

003feac0    ffab (003feac0)     _IQ12mpyRndSatTable
003feacc    ffab (003feac0)     _IQ11mpyRndSatTable
003fead8    ffab (003feac0)     _IQ10mpyRndSatTable
003feae4    ffab (003feac0)     _IQ9mpyRndSatTable
003feaf0    ffab (003feac0)     _IQ8mpyRndSatTable
003feafc    ffab (003feac0)     _IQ7mpyRndSatTable

003feb08    ffac (003feb00)     _IQ6mpyRndSatTable
003feb14    ffac (003feb00)     _IQ5mpyRndSatTable
003feb20    ffac (003feb00)     _IQ4mpyRndSatTable
003feb2c    ffac (003feb00)     _IQ3mpyRndSatTable
003feb38    ffac (003feb00)     _IQ2mpyRndSatTable

003feb44    ffad (003feb40)     _IQ1mpyRndSatTable
003feb50    ffad (003feb40)     _IQmpyRndSatTableEnd


GLOBAL SYMBOLS: SORTED ALPHABETICALLY BY Name 

page  address   name                            
----  -------   ----                            
abs   ffffffff  .text                           
0     003f64c1  C$$EXIT                         
0     003f7ef7  FD$$MPY                         
0     003f65ce  FD$$TOL                         
0     003f62e7  FS$$ADD                         
0     003f6640  FS$$CMP                         
0     003f63cd  FS$$MPY                         
0     003f62e2  FS$$SUB                         
0     003f64ea  FS$$TOL                         
0     003f65ed  FS$$TOU                         
0     003f65ad  FS$$TOUL                        
0     003f6657  U$$TOFD                         
0     003f6681  U$$TOFS                         
0     003f666e  UL$$TOFS                        
1     00000616  _ACQPS                          
0     003f616a  _ADCINT1_ISR                    
0     003f616f  _ADCINT2_ISR                    
0     003f61d8  _ADCINT3_ISR                    
0     003f61dd  _ADCINT4_ISR                    
0     003f61e2  _ADCINT5_ISR                    
0     003f61e7  _ADCINT6_ISR                    
0     003f61ec  _ADCINT7_ISR                    
0     003f61f1  _ADCINT8_ISR                    
0     003f617e  _ADCINT9_ISR                    
0     003f70ea  _ADC_Init                       
0     003f73d7  _ADC_SocConfig                  
0     003f75fa  _AdcChanSelect                  
0     003f766f  _AdcConversion                  
0     003f75d3  _AdcOffsetSelfCal               
1     00007100  _AdcRegs                        
1     00000b00  _AdcResult                      
0     003f7ac3  _App_Control                    
0     003f798d  _App_Init                       
0     003f7abd  _App_Process                    
0     003f7ab9  _App_ScanAnalogInput            
0     003f7ab5  _App_ScanDigitalInput           
0     003f7031  _BSP_Init                       
0     003f7058  _BSP_Start                      
0     003f6032  _Boost_Apply                    
0     003f6000  _Boost_Init                     
0     003f60c4  _Boost_Set                      
0     003f60ff  _Boost_Start                    
0     003f60a6  _Boost_Stop                     
0     003f7123  _CAP_Init                       
1     00000626  _ChSel                          
0     003f653b  _Clb_Timer                      
1     00006400  _Comp1Regs                      
1     00006420  _Comp2Regs                      
0     003f639b  _ConfigCpuTimer                 
1     000006d0  _CpuTimer0                      
1     00000c00  _CpuTimer0Regs                  
1     000006c0  _CpuTimer1                      
1     00000c08  _CpuTimer1Regs                  
1     000006c8  _CpuTimer2                      
1     00000c10  _CpuTimer2Regs                  
1     003f7ff8  _CsmPwl                         
1     00000ae0  _CsmRegs                        
0     003f7d49  _CsmUnlock                      
0     003f6115  _DATALOG_ISR                    
0     003f701f  _DLOG_BuffInit                  
0     003f6694  _DSP28x_DisableInt              
0     003f6698  _DSP28x_RestoreInt              
0     0000006b  _DSP28x_usDelay                 
1     00000880  _DevEmuRegs                     
0     003f7cba  _DisableDog                     
0     003f61b5  _ECAP1_INT_ISR                  
1     00006a00  _ECap1Regs                      
0     003f61fb  _EMPTY_ISR                      
0     003f611f  _EMUINT_ISR                     
0     003f61a1  _EPWM1_INT_ISR                  
0     003f618d  _EPWM1_TZINT_ISR                
0     003f61a6  _EPWM2_INT_ISR                  
0     003f6192  _EPWM2_TZINT_ISR                
0     003f61ab  _EPWM3_INT_ISR                  
0     003f6197  _EPWM3_TZINT_ISR                
0     003f61b0  _EPWM4_INT_ISR                  
0     003f619c  _EPWM4_TZINT_ISR                
1     00006800  _EPwm1Regs                      
1     00006840  _EPwm2Regs                      
1     00006880  _EPwm3Regs                      
1     000068c0  _EPwm4Regs                      
1     00000d01  _EmuBMode                       
1     00000d00  _EmuKey                         
0     003f6532  _EnableInterrupts               
0     003f7dba  _ExtOscSel                      
1     00000a80  _FlashRegs                      
1     00000d04  _Flash_CPUScaleFactor           
1     00000d02  _Flash_CallbackPtr              
0     003f7179  _GPIO_Input_Init                
0     003f7125  _GPIO_Output_Init               
1     00006f80  _GpioCtrlRegs                   
1     00006fc0  _GpioDataRegs                   
1     00006fe0  _GpioIntRegs                    
0     003f61c4  _I2CINT1A_ISR                   
0     003f61c9  _I2CINT2A_ISR                   
0     003f7124  _I2C_Init                       
1     00007900  _I2caRegs                       
0     003f6129  _ILLEGAL_ISR                    
0     003f610b  _INT13_ISR                      
0     003f6110  _INT14_ISR                      
0     003fead8  _IQ10mpyRndSatTable             
0     003feacc  _IQ11mpyRndSatTable             
0     003feac0  _IQ12mpyRndSatTable             
0     003feab4  _IQ13mpyRndSatTable             
0     003feaa8  _IQ14mpyRndSatTable             
0     003fea9c  _IQ15mpyRndSatTable             
0     003fea90  _IQ16mpyRndSatTable             
0     003fea84  _IQ17mpyRndSatTable             
0     003fea78  _IQ18mpyRndSatTable             
0     003fea6c  _IQ19mpyRndSatTable             
0     003feb44  _IQ1mpyRndSatTable              
0     003fea60  _IQ20mpyRndSatTable             
0     003fea54  _IQ21mpyRndSatTable             
0     003fea48  _IQ22mpyRndSatTable             
0     003fea3c  _IQ23mpyRndSatTable             
0     003fea30  _IQ24mpyRndSatTable             
0     003fea24  _IQ25mpyRndSatTable             
0     003fea18  _IQ26mpyRndSatTable             
0     003fea0c  _IQ27mpyRndSatTable             
0     003fea00  _IQ28mpyRndSatTable             
0     003fe9f4  _IQ29mpyRndSatTable             
0     003feb38  _IQ2mpyRndSatTable              
0     003fe9e8  _IQ30mpyRndSatTable             
0     003feb2c  _IQ3mpyRndSatTable              
0     003feb20  _IQ4mpyRndSatTable              
0     003feb14  _IQ5mpyRndSatTable              
0     003feb08  _IQ6mpyRndSatTable              
0     003feafc  _IQ7mpyRndSatTable              
0     003feaf0  _IQ8mpyRndSatTable              
0     003feae4  _IQ9mpyRndSatTable              
0     003fe824  _IQatan2HalfPITable             
0     003fe862  _IQatan2Table                   
0     003fe9e8  _IQatan2TableEnd                
0     003fe100  _IQcosTable                     
0     003fe502  _IQcosTableEnd                  
0     003fe502  _IQdivRoundSatTable             
0     003fe510  _IQdivTable                     
0     003fe712  _IQdivTableEnd                  
0     003fe712  _IQisqrtRoundSatTable           
0     003fe722  _IQisqrtTable                   
0     003fe824  _IQisqrtTableEnd                
0     003fe9e8  _IQmpyRndSatTable               
0     003feb50  _IQmpyRndSatTableEnd            
0     003fe000  _IQsinTable                     
0     003fe400  _IQsinTableEnd                  
0     003fe712  _IQsqrtRoundSatTable            
0     003fe722  _IQsqrtTable                    
0     003fe824  _IQsqrtTableEnd                 
0     003f7592  _InitAdc                        
0     003f75b1  _InitAdcAio                     
0     003f635a  _InitCpuTimers                  
0     00000050  _InitFlash                      
0     003f7d17  _InitPeripheralClocks           
0     003f6513  _InitPieCtrl                    
0     003f6563  _InitPieVectTable               
0     003f7cc2  _InitPll                        
0     003f7c96  _InitSysCtrl                    
0     003f7d7a  _IntOsc1Sel                     
0     003f7d8a  _IntOsc2Sel                     
0     003f7dd0  _Inv_Init                       
0     003f7ea3  _Inv_Set                        
0     003f7ee7  _Inv_SetGain                    
0     003f7e2e  _Inv_Start                      
0     003f7e54  _Inv_Stop                       
0     003f6124  _NMI_ISR                        
1     00007060  _NmiIntruptRegs                 
0     003f6200  _PIE_RESERVED                   
0     003f719d  _PWM_1ChCntUpCfg                
0     003f720d  _PWM_1ChCntUpSetDuty            
0     003f7248  _PWM_1ChCntUpSetEvent           
0     003f722f  _PWM_1ChCntUpSetPeriod          
0     003f723b  _PWM_1ChCntUpSetPhase           
0     003f72e5  _PWM_2ChCntUpDownFullCfg        
0     003f725b  _PWM_2ChCntUpHalfCfg            
0     003f7351  _PWM_2ChCntUpSetDutyFull        
0     003f72c7  _PWM_2ChCntUpSetDutyHalf        
0     003f604e  _PWM_Boost_Init                 
0     003f7e67  _PWM_Inv_Init                   
0     003f70c1  _PWM_Inverter_Init              
1     003d7fff  _PartIdRegs                     
1     00000ce0  _PieCtrlRegs                    
1     00000d00  _PieVectTable                   
0     003f66ac  _PieVectTableInit               
0     003f611a  _RTOSINT_ISR                    
abs   0000001f  _RamfuncsLoadSize               
0     003f7000  _RamfuncsLoadStart              
0     00000050  _RamfuncsRunStart               
1     00000600  _Result                         
0     003f61ce  _SCIRXINTA_ISR                  
0     003f61d3  _SCITXINTA_ISR                  
0     003f61ba  _SPIRXINTA_ISR                  
0     003f61bf  _SPITXINTA_ISR                  
0     003f70e9  _SPI_Init                       
1     00007050  _SciaRegs                       
0     003f7cb0  _ServiceDog                     
0     003f647b  _Sin_GenValue                   
1     00007040  _SpiaRegs                       
1     00007010  _SysCtrlRegs                    
1     00000985  _SysPwrCtrlRegs                 
0     003f705c  _TIMER_Cpu0_Init                
0     003f7080  _TIMER_Cpu1_Init                
0     003f70a0  _TIMER_Cpu2_Init                
0     003f6183  _TINT0_ISR                      
0     003f6211  _Timer_Create                   
0     003f6240  _Timer_Delete                   
0     003f628b  _Timer_GetRate                  
0     003f620a  _Timer_Init                     
0     003f62d9  _Timer_IsRunning                
0     003f62d1  _Timer_Reset                    
0     003f627f  _Timer_SetRate                  
0     003f62b3  _Timer_Start                    
0     003f62be  _Timer_StartAt                  
0     003f62ca  _Timer_Stop                     
0     003f6290  _Timer_Update                   
1     00000606  _TrigSel                        
0     003f70c0  _UART_Init                      
0     003f615b  _USER10_ISR                     
0     003f6160  _USER11_ISR                     
0     003f6165  _USER12_ISR                     
0     003f612e  _USER1_ISR                      
0     003f6133  _USER2_ISR                      
0     003f6138  _USER3_ISR                      
0     003f613d  _USER4_ISR                      
0     003f6142  _USER5_ISR                      
0     003f6147  _USER6_ISR                      
0     003f614c  _USER7_ISR                      
0     003f6151  _USER8_ISR                      
0     003f6156  _USER9_ISR                      
0     003f6188  _WAKEINT_ISR                    
0     003f6174  _XINT1_ISR                      
0     003f6179  _XINT2_ISR                      
0     003f61f6  _XINT3_ISR                      
1     00007070  _XIntruptRegs                   
0     003f7d9e  _XtalOscSel                     
0     003f67c0  __IQ20div                       
0     003f6838  __IQ20int                       
0     003f6807  __IQ20sin                       
1     00000600  __STACK_END                     
abs   00000200  __STACK_SIZE                    
abs   00000100  __SYSMEM_SIZE                   
1     000006ec  ___TI_cleanup_ptr               
1     000006ee  ___TI_dtors_ptr                 
1     000006ea  ___TI_enable_exit_profile_output
abs   ffffffff  ___TI_pprof_out_hndl            
abs   ffffffff  ___TI_prof_data_size            
abs   ffffffff  ___TI_prof_data_start           
abs   ffffffff  ___binit__                      
abs   ffffffff  ___c_args__                     
0     003f6841  ___cinit__                      
abs   ffffffff  ___etext__                      
abs   ffffffff  ___pinit__                      
abs   ffffffff  ___text__                       
0     003f6627  __args_main                     
1     000006f4  __lock                          
0     003f66a3  __nop                           
0     003f669f  __register_lock                 
0     003f669b  __register_unlock               
1     00000400  __stack                         
1     000006fc  __sys_memory                    
0     003f7f7c  __system_post_cinit             
0     003f7f7a  __system_pre_init               
1     000006f6  __unlock                        
0     003f64c1  _abort                          
0     003f7c78  _adc_isr                        
0     003f6427  _c_int00                        
0     003f7976  _calloc                         
0     003f7974  _chkheap                        
0     003f6589  _copy_in                        
0     003f7bb3  _cpu_timer0_isr                 
0     003f7bd4  _cpu_timer1_isr                 
0     003f7c6e  _cpu_timer2_isr                 
1     000006f8  _debug_port                     
1     000006ba  _duty                           
0     003f7b45  _epwm3_isr                      
0     003f7b7c  _epwm4_isr                      
0     003f64c3  _exit                           
0     003f77c0  _free                           
0     003f7959  _free_memory                    
1     000006bc  _lastSinValue                   
0     003f6544  _main                           
0     003f7829  _malloc                         
0     003f793a  _max_free                       
0     003f660a  _memcpy                         
0     003f7806  _minit                          
0     003f7886  _realloc                        
0     003f6205  _rsvd_ISR                       
1     00000640  _sApp                           
1     000006aa  _sSine1Phase                    
1     000006dc  _sSysTick                       
1     000006d8  _sTimerList                     
0     003f6691  _setDBGIER                      
1     000006be  _sinValue                       
1     000006f0  _task_list                      
1     000006fa  _testTimer                      
abs   ffffffff  binit                           
0     003f6841  cinit                           
0     003f7ff6  code_start                      
abs   ffffffff  etext                           
abs   ffffffff  pinit                           


GLOBAL SYMBOLS: SORTED BY Symbol Address 

page  address   name                            
----  -------   ----                            
0     00000050  _InitFlash                      
0     00000050  _RamfuncsRunStart               
0     0000006b  _DSP28x_usDelay                 
0     003f6000  _Boost_Init                     
0     003f6032  _Boost_Apply                    
0     003f604e  _PWM_Boost_Init                 
0     003f60a6  _Boost_Stop                     
0     003f60c4  _Boost_Set                      
0     003f60ff  _Boost_Start                    
0     003f610b  _INT13_ISR                      
0     003f6110  _INT14_ISR                      
0     003f6115  _DATALOG_ISR                    
0     003f611a  _RTOSINT_ISR                    
0     003f611f  _EMUINT_ISR                     
0     003f6124  _NMI_ISR                        
0     003f6129  _ILLEGAL_ISR                    
0     003f612e  _USER1_ISR                      
0     003f6133  _USER2_ISR                      
0     003f6138  _USER3_ISR                      
0     003f613d  _USER4_ISR                      
0     003f6142  _USER5_ISR                      
0     003f6147  _USER6_ISR                      
0     003f614c  _USER7_ISR                      
0     003f6151  _USER8_ISR                      
0     003f6156  _USER9_ISR                      
0     003f615b  _USER10_ISR                     
0     003f6160  _USER11_ISR                     
0     003f6165  _USER12_ISR                     
0     003f616a  _ADCINT1_ISR                    
0     003f616f  _ADCINT2_ISR                    
0     003f6174  _XINT1_ISR                      
0     003f6179  _XINT2_ISR                      
0     003f617e  _ADCINT9_ISR                    
0     003f6183  _TINT0_ISR                      
0     003f6188  _WAKEINT_ISR                    
0     003f618d  _EPWM1_TZINT_ISR                
0     003f6192  _EPWM2_TZINT_ISR                
0     003f6197  _EPWM3_TZINT_ISR                
0     003f619c  _EPWM4_TZINT_ISR                
0     003f61a1  _EPWM1_INT_ISR                  
0     003f61a6  _EPWM2_INT_ISR                  
0     003f61ab  _EPWM3_INT_ISR                  
0     003f61b0  _EPWM4_INT_ISR                  
0     003f61b5  _ECAP1_INT_ISR                  
0     003f61ba  _SPIRXINTA_ISR                  
0     003f61bf  _SPITXINTA_ISR                  
0     003f61c4  _I2CINT1A_ISR                   
0     003f61c9  _I2CINT2A_ISR                   
0     003f61ce  _SCIRXINTA_ISR                  
0     003f61d3  _SCITXINTA_ISR                  
0     003f61d8  _ADCINT3_ISR                    
0     003f61dd  _ADCINT4_ISR                    
0     003f61e2  _ADCINT5_ISR                    
0     003f61e7  _ADCINT6_ISR                    
0     003f61ec  _ADCINT7_ISR                    
0     003f61f1  _ADCINT8_ISR                    
0     003f61f6  _XINT3_ISR                      
0     003f61fb  _EMPTY_ISR                      
0     003f6200  _PIE_RESERVED                   
0     003f6205  _rsvd_ISR                       
0     003f620a  _Timer_Init                     
0     003f6211  _Timer_Create                   
0     003f6240  _Timer_Delete                   
0     003f627f  _Timer_SetRate                  
0     003f628b  _Timer_GetRate                  
0     003f6290  _Timer_Update                   
0     003f62b3  _Timer_Start                    
0     003f62be  _Timer_StartAt                  
0     003f62ca  _Timer_Stop                     
0     003f62d1  _Timer_Reset                    
0     003f62d9  _Timer_IsRunning                
0     003f62e2  FS$$SUB                         
0     003f62e7  FS$$ADD                         
0     003f635a  _InitCpuTimers                  
0     003f639b  _ConfigCpuTimer                 
0     003f63cd  FS$$MPY                         
0     003f6427  _c_int00                        
0     003f647b  _Sin_GenValue                   
0     003f64c1  C$$EXIT                         
0     003f64c1  _abort                          
0     003f64c3  _exit                           
0     003f64ea  FS$$TOL                         
0     003f6513  _InitPieCtrl                    
0     003f6532  _EnableInterrupts               
0     003f653b  _Clb_Timer                      
0     003f6544  _main                           
0     003f6563  _InitPieVectTable               
0     003f6589  _copy_in                        
0     003f65ad  FS$$TOUL                        
0     003f65ce  FD$$TOL                         
0     003f65ed  FS$$TOU                         
0     003f660a  _memcpy                         
0     003f6627  __args_main                     
0     003f6640  FS$$CMP                         
0     003f6657  U$$TOFD                         
0     003f666e  UL$$TOFS                        
0     003f6681  U$$TOFS                         
0     003f6691  _setDBGIER                      
0     003f6694  _DSP28x_DisableInt              
0     003f6698  _DSP28x_RestoreInt              
0     003f669b  __register_unlock               
0     003f669f  __register_lock                 
0     003f66a3  __nop                           
0     003f66ac  _PieVectTableInit               
0     003f67c0  __IQ20div                       
0     003f6807  __IQ20sin                       
0     003f6838  __IQ20int                       
0     003f6841  ___cinit__                      
0     003f6841  cinit                           
0     003f7000  _RamfuncsLoadStart              
0     003f701f  _DLOG_BuffInit                  
0     003f7031  _BSP_Init                       
0     003f7058  _BSP_Start                      
0     003f705c  _TIMER_Cpu0_Init                
0     003f7080  _TIMER_Cpu1_Init                
0     003f70a0  _TIMER_Cpu2_Init                
0     003f70c0  _UART_Init                      
0     003f70c1  _PWM_Inverter_Init              
0     003f70e9  _SPI_Init                       
0     003f70ea  _ADC_Init                       
0     003f7123  _CAP_Init                       
0     003f7124  _I2C_Init                       
0     003f7125  _GPIO_Output_Init               
0     003f7179  _GPIO_Input_Init                
0     003f719d  _PWM_1ChCntUpCfg                
0     003f720d  _PWM_1ChCntUpSetDuty            
0     003f722f  _PWM_1ChCntUpSetPeriod          
0     003f723b  _PWM_1ChCntUpSetPhase           
0     003f7248  _PWM_1ChCntUpSetEvent           
0     003f725b  _PWM_2ChCntUpHalfCfg            
0     003f72c7  _PWM_2ChCntUpSetDutyHalf        
0     003f72e5  _PWM_2ChCntUpDownFullCfg        
0     003f7351  _PWM_2ChCntUpSetDutyFull        
0     003f73d7  _ADC_SocConfig                  
0     003f7592  _InitAdc                        
0     003f75b1  _InitAdcAio                     
0     003f75d3  _AdcOffsetSelfCal               
0     003f75fa  _AdcChanSelect                  
0     003f766f  _AdcConversion                  
0     003f77c0  _free                           
0     003f7806  _minit                          
0     003f7829  _malloc                         
0     003f7886  _realloc                        
0     003f793a  _max_free                       
0     003f7959  _free_memory                    
0     003f7974  _chkheap                        
0     003f7976  _calloc                         
0     003f798d  _App_Init                       
0     003f7ab5  _App_ScanDigitalInput           
0     003f7ab9  _App_ScanAnalogInput            
0     003f7abd  _App_Process                    
0     003f7ac3  _App_Control                    
0     003f7b45  _epwm3_isr                      
0     003f7b7c  _epwm4_isr                      
0     003f7bb3  _cpu_timer0_isr                 
0     003f7bd4  _cpu_timer1_isr                 
0     003f7c6e  _cpu_timer2_isr                 
0     003f7c78  _adc_isr                        
0     003f7c96  _InitSysCtrl                    
0     003f7cb0  _ServiceDog                     
0     003f7cba  _DisableDog                     
0     003f7cc2  _InitPll                        
0     003f7d17  _InitPeripheralClocks           
0     003f7d49  _CsmUnlock                      
0     003f7d7a  _IntOsc1Sel                     
0     003f7d8a  _IntOsc2Sel                     
0     003f7d9e  _XtalOscSel                     
0     003f7dba  _ExtOscSel                      
0     003f7dd0  _Inv_Init                       
0     003f7e2e  _Inv_Start                      
0     003f7e54  _Inv_Stop                       
0     003f7e67  _PWM_Inv_Init                   
0     003f7ea3  _Inv_Set                        
0     003f7ee7  _Inv_SetGain                    
0     003f7ef7  FD$$MPY                         
0     003f7f7a  __system_pre_init               
0     003f7f7c  __system_post_cinit             
0     003f7ff6  code_start                      
0     003fe000  _IQsinTable                     
0     003fe100  _IQcosTable                     
0     003fe400  _IQsinTableEnd                  
0     003fe502  _IQcosTableEnd                  
0     003fe502  _IQdivRoundSatTable             
0     003fe510  _IQdivTable                     
0     003fe712  _IQdivTableEnd                  
0     003fe712  _IQisqrtRoundSatTable           
0     003fe712  _IQsqrtRoundSatTable            
0     003fe722  _IQisqrtTable                   
0     003fe722  _IQsqrtTable                    
0     003fe824  _IQatan2HalfPITable             
0     003fe824  _IQisqrtTableEnd                
0     003fe824  _IQsqrtTableEnd                 
0     003fe862  _IQatan2Table                   
0     003fe9e8  _IQ30mpyRndSatTable             
0     003fe9e8  _IQatan2TableEnd                
0     003fe9e8  _IQmpyRndSatTable               
0     003fe9f4  _IQ29mpyRndSatTable             
0     003fea00  _IQ28mpyRndSatTable             
0     003fea0c  _IQ27mpyRndSatTable             
0     003fea18  _IQ26mpyRndSatTable             
0     003fea24  _IQ25mpyRndSatTable             
0     003fea30  _IQ24mpyRndSatTable             
0     003fea3c  _IQ23mpyRndSatTable             
0     003fea48  _IQ22mpyRndSatTable             
0     003fea54  _IQ21mpyRndSatTable             
0     003fea60  _IQ20mpyRndSatTable             
0     003fea6c  _IQ19mpyRndSatTable             
0     003fea78  _IQ18mpyRndSatTable             
0     003fea84  _IQ17mpyRndSatTable             
0     003fea90  _IQ16mpyRndSatTable             
0     003fea9c  _IQ15mpyRndSatTable             
0     003feaa8  _IQ14mpyRndSatTable             
0     003feab4  _IQ13mpyRndSatTable             
0     003feac0  _IQ12mpyRndSatTable             
0     003feacc  _IQ11mpyRndSatTable             
0     003fead8  _IQ10mpyRndSatTable             
0     003feae4  _IQ9mpyRndSatTable              
0     003feaf0  _IQ8mpyRndSatTable              
0     003feafc  _IQ7mpyRndSatTable              
0     003feb08  _IQ6mpyRndSatTable              
0     003feb14  _IQ5mpyRndSatTable              
0     003feb20  _IQ4mpyRndSatTable              
0     003feb2c  _IQ3mpyRndSatTable              
0     003feb38  _IQ2mpyRndSatTable              
0     003feb44  _IQ1mpyRndSatTable              
0     003feb50  _IQmpyRndSatTableEnd            
1     00000400  __stack                         
1     00000600  _Result                         
1     00000600  __STACK_END                     
1     00000606  _TrigSel                        
1     00000616  _ACQPS                          
1     00000626  _ChSel                          
1     00000640  _sApp                           
1     000006aa  _sSine1Phase                    
1     000006ba  _duty                           
1     000006bc  _lastSinValue                   
1     000006be  _sinValue                       
1     000006c0  _CpuTimer1                      
1     000006c8  _CpuTimer2                      
1     000006d0  _CpuTimer0                      
1     000006d8  _sTimerList                     
1     000006dc  _sSysTick                       
1     000006ea  ___TI_enable_exit_profile_output
1     000006ec  ___TI_cleanup_ptr               
1     000006ee  ___TI_dtors_ptr                 
1     000006f0  _task_list                      
1     000006f4  __lock                          
1     000006f6  __unlock                        
1     000006f8  _debug_port                     
1     000006fa  _testTimer                      
1     000006fc  __sys_memory                    
1     00000880  _DevEmuRegs                     
1     00000985  _SysPwrCtrlRegs                 
1     00000a80  _FlashRegs                      
1     00000ae0  _CsmRegs                        
1     00000b00  _AdcResult                      
1     00000c00  _CpuTimer0Regs                  
1     00000c08  _CpuTimer1Regs                  
1     00000c10  _CpuTimer2Regs                  
1     00000ce0  _PieCtrlRegs                    
1     00000d00  _EmuKey                         
1     00000d00  _PieVectTable                   
1     00000d01  _EmuBMode                       
1     00000d02  _Flash_CallbackPtr              
1     00000d04  _Flash_CPUScaleFactor           
1     00006400  _Comp1Regs                      
1     00006420  _Comp2Regs                      
1     00006800  _EPwm1Regs                      
1     00006840  _EPwm2Regs                      
1     00006880  _EPwm3Regs                      
1     000068c0  _EPwm4Regs                      
1     00006a00  _ECap1Regs                      
1     00006f80  _GpioCtrlRegs                   
1     00006fc0  _GpioDataRegs                   
1     00006fe0  _GpioIntRegs                    
1     00007010  _SysCtrlRegs                    
1     00007040  _SpiaRegs                       
1     00007050  _SciaRegs                       
1     00007060  _NmiIntruptRegs                 
1     00007070  _XIntruptRegs                   
1     00007100  _AdcRegs                        
1     00007900  _I2caRegs                       
1     003d7fff  _PartIdRegs                     
1     003f7ff8  _CsmPwl                         
abs   0000001f  _RamfuncsLoadSize               
abs   00000100  __SYSMEM_SIZE                   
abs   00000200  __STACK_SIZE                    
abs   ffffffff  .text                           
abs   ffffffff  ___TI_pprof_out_hndl            
abs   ffffffff  ___TI_prof_data_size            
abs   ffffffff  ___TI_prof_data_start           
abs   ffffffff  ___binit__                      
abs   ffffffff  ___c_args__                     
abs   ffffffff  ___etext__                      
abs   ffffffff  ___pinit__                      
abs   ffffffff  ___text__                       
abs   ffffffff  binit                           
abs   ffffffff  etext                           
abs   ffffffff  pinit                           

[299 symbols]
